[2026-10-01T10:50:29.451+0000] {processor.py:186} INFO - Started process (PID=26) to work on /opt/airflow/dags/01_triaje_clean.py
[2026-10-01T10:50:29.462+0000] {processor.py:914} INFO - Processing file /opt/airflow/dags/01_triaje_clean.py for tasks to queue
[2026-10-01T10:50:29.519+0000] {logging_mixin.py:190} INFO - [2026-10-01T10:50:29.513+0000] {dagbag.py:588} INFO - Filling up the DagBag from /opt/airflow/dags/01_triaje_clean.py
[2026-10-01T10:50:34.012+0000] {processor.py:925} INFO - DAG(s) 'mi_primer_dag' retrieved from /opt/airflow/dags/01_triaje_clean.py
[2026-10-01T10:50:34.530+0000] {logging_mixin.py:190} INFO - [2026-10-01T10:50:34.528+0000] {override.py:1932} INFO - Created Permission View: can read on DAG:mi_primer_dag
[2026-10-01T10:50:34.553+0000] {logging_mixin.py:190} INFO - [2026-10-01T10:50:34.553+0000] {override.py:1932} INFO - Created Permission View: can delete on DAG:mi_primer_dag
[2026-10-01T10:50:34.570+0000] {logging_mixin.py:190} INFO - [2026-10-01T10:50:34.569+0000] {override.py:1932} INFO - Created Permission View: can edit on DAG:mi_primer_dag
[2026-10-01T10:50:34.584+0000] {logging_mixin.py:190} INFO - [2026-10-01T10:50:34.583+0000] {override.py:1932} INFO - Created Permission View: can read on DAG Run:mi_primer_dag
[2026-10-01T10:50:34.601+0000] {logging_mixin.py:190} INFO - [2026-10-01T10:50:34.600+0000] {override.py:1932} INFO - Created Permission View: can create on DAG Run:mi_primer_dag
[2026-10-01T10:50:34.617+0000] {logging_mixin.py:190} INFO - [2026-10-01T10:50:34.616+0000] {override.py:1932} INFO - Created Permission View: menu access on DAG Run:mi_primer_dag
[2026-10-01T10:50:34.630+0000] {logging_mixin.py:190} INFO - [2026-10-01T10:50:34.630+0000] {override.py:1932} INFO - Created Permission View: can delete on DAG Run:mi_primer_dag
[2026-10-01T10:50:34.636+0000] {logging_mixin.py:190} INFO - [2026-10-01T10:50:34.634+0000] {dag.py:3239} INFO - Sync 1 DAGs
[2026-10-01T10:50:34.674+0000] {logging_mixin.py:190} INFO - [2026-10-01T10:50:34.673+0000] {dag.py:3262} INFO - Creating ORM DAG for mi_primer_dag
[2026-10-01T10:50:34.701+0000] {logging_mixin.py:190} INFO - [2026-10-01T10:50:34.701+0000] {dag.py:4180} INFO - Setting next_dagrun for mi_primer_dag to 2026-09-30 00:00:00+00:00, run_after=2026-10-01 00:00:00+00:00
[2026-10-01T10:50:34.741+0000] {processor.py:208} INFO - Processing /opt/airflow/dags/01_triaje_clean.py took 5.360 seconds
[2026-10-01T10:51:05.290+0000] {processor.py:186} INFO - Started process (PID=43) to work on /opt/airflow/dags/01_triaje_clean.py
[2026-10-01T10:51:05.298+0000] {processor.py:914} INFO - Processing file /opt/airflow/dags/01_triaje_clean.py for tasks to queue
[2026-10-01T10:51:05.307+0000] {logging_mixin.py:190} INFO - [2026-10-01T10:51:05.306+0000] {dagbag.py:588} INFO - Filling up the DagBag from /opt/airflow/dags/01_triaje_clean.py
[2026-10-01T10:51:06.427+0000] {processor.py:925} INFO - DAG(s) 'mi_primer_dag' retrieved from /opt/airflow/dags/01_triaje_clean.py
[2026-10-01T10:51:06.465+0000] {logging_mixin.py:190} INFO - [2026-10-01T10:51:06.464+0000] {dag.py:3239} INFO - Sync 1 DAGs
[2026-10-01T10:51:06.502+0000] {logging_mixin.py:190} INFO - [2026-10-01T10:51:06.502+0000] {dag.py:4180} INFO - Setting next_dagrun for mi_primer_dag to 2026-09-30 00:00:00+00:00, run_after=2026-10-01 00:00:00+00:00
[2026-10-01T10:51:06.545+0000] {processor.py:208} INFO - Processing /opt/airflow/dags/01_triaje_clean.py took 1.270 seconds
[2026-10-01T10:51:59.838+0000] {processor.py:186} INFO - Started process (PID=60) to work on /opt/airflow/dags/01_triaje_clean.py
[2026-10-01T10:51:59.843+0000] {processor.py:914} INFO - Processing file /opt/airflow/dags/01_triaje_clean.py for tasks to queue
[2026-10-01T10:51:59.848+0000] {logging_mixin.py:190} INFO - [2026-10-01T10:51:59.847+0000] {dagbag.py:588} INFO - Filling up the DagBag from /opt/airflow/dags/01_triaje_clean.py
[2026-10-01T10:52:00.855+0000] {processor.py:925} INFO - DAG(s) 'dag_triage_filter' retrieved from /opt/airflow/dags/01_triaje_clean.py
[2026-10-01T10:52:00.967+0000] {logging_mixin.py:190} INFO - [2026-10-01T10:52:00.966+0000] {override.py:1932} INFO - Created Permission View: can read on DAG:dag_triage_filter
[2026-10-01T10:52:00.985+0000] {logging_mixin.py:190} INFO - [2026-10-01T10:52:00.985+0000] {override.py:1932} INFO - Created Permission View: can delete on DAG:dag_triage_filter
[2026-10-01T10:52:00.996+0000] {logging_mixin.py:190} INFO - [2026-10-01T10:52:00.996+0000] {override.py:1932} INFO - Created Permission View: can edit on DAG:dag_triage_filter
[2026-10-01T10:52:01.008+0000] {logging_mixin.py:190} INFO - [2026-10-01T10:52:01.008+0000] {override.py:1932} INFO - Created Permission View: can read on DAG Run:dag_triage_filter
[2026-10-01T10:52:01.023+0000] {logging_mixin.py:190} INFO - [2026-10-01T10:52:01.022+0000] {override.py:1932} INFO - Created Permission View: can create on DAG Run:dag_triage_filter
[2026-10-01T10:52:01.042+0000] {logging_mixin.py:190} INFO - [2026-10-01T10:52:01.041+0000] {override.py:1932} INFO - Created Permission View: menu access on DAG Run:dag_triage_filter
[2026-10-01T10:52:01.058+0000] {logging_mixin.py:190} INFO - [2026-10-01T10:52:01.058+0000] {override.py:1932} INFO - Created Permission View: can delete on DAG Run:dag_triage_filter
[2026-10-01T10:52:01.064+0000] {logging_mixin.py:190} INFO - [2026-10-01T10:52:01.062+0000] {dag.py:3239} INFO - Sync 1 DAGs
[2026-10-01T10:52:01.106+0000] {logging_mixin.py:190} INFO - [2026-10-01T10:52:01.105+0000] {dag.py:3262} INFO - Creating ORM DAG for dag_triage_filter
[2026-10-01T10:52:01.122+0000] {logging_mixin.py:190} INFO - [2026-10-01T10:52:01.122+0000] {dag.py:4180} INFO - Setting next_dagrun for dag_triage_filter to 2026-09-30 00:00:00+00:00, run_after=2026-10-01 00:00:00+00:00
[2026-10-01T10:52:01.155+0000] {processor.py:208} INFO - Processing /opt/airflow/dags/01_triaje_clean.py took 1.324 seconds
[2026-10-01T10:52:31.515+0000] {processor.py:186} INFO - Started process (PID=81) to work on /opt/airflow/dags/01_triaje_clean.py
[2026-10-01T10:52:31.518+0000] {processor.py:914} INFO - Processing file /opt/airflow/dags/01_triaje_clean.py for tasks to queue
[2026-10-01T10:52:31.521+0000] {logging_mixin.py:190} INFO - [2026-10-01T10:52:31.521+0000] {dagbag.py:588} INFO - Filling up the DagBag from /opt/airflow/dags/01_triaje_clean.py
[2026-10-01T10:52:32.449+0000] {processor.py:925} INFO - DAG(s) 'dag_triage_filter' retrieved from /opt/airflow/dags/01_triaje_clean.py
[2026-10-01T10:52:32.480+0000] {logging_mixin.py:190} INFO - [2026-10-01T10:52:32.479+0000] {dag.py:3239} INFO - Sync 1 DAGs
[2026-10-01T10:52:32.518+0000] {logging_mixin.py:190} INFO - [2026-10-01T10:52:32.517+0000] {dag.py:4180} INFO - Setting next_dagrun for dag_triage_filter to 2026-10-01 00:00:00+00:00, run_after=2026-10-02 00:00:00+00:00
[2026-10-01T10:52:32.548+0000] {processor.py:208} INFO - Processing /opt/airflow/dags/01_triaje_clean.py took 1.040 seconds
[2026-10-01T10:53:02.941+0000] {processor.py:186} INFO - Started process (PID=98) to work on /opt/airflow/dags/01_triaje_clean.py
[2026-10-01T10:53:02.945+0000] {processor.py:914} INFO - Processing file /opt/airflow/dags/01_triaje_clean.py for tasks to queue
[2026-10-01T10:53:02.949+0000] {logging_mixin.py:190} INFO - [2026-10-01T10:53:02.948+0000] {dagbag.py:588} INFO - Filling up the DagBag from /opt/airflow/dags/01_triaje_clean.py
[2026-10-01T10:53:03.713+0000] {processor.py:925} INFO - DAG(s) 'dag_triage_filter' retrieved from /opt/airflow/dags/01_triaje_clean.py
[2026-10-01T10:53:03.744+0000] {logging_mixin.py:190} INFO - [2026-10-01T10:53:03.744+0000] {dag.py:3239} INFO - Sync 1 DAGs
[2026-10-01T10:53:03.778+0000] {logging_mixin.py:190} INFO - [2026-10-01T10:53:03.778+0000] {dag.py:4180} INFO - Setting next_dagrun for dag_triage_filter to 2026-10-01 00:00:00+00:00, run_after=2026-10-02 00:00:00+00:00
[2026-10-01T10:53:03.808+0000] {processor.py:208} INFO - Processing /opt/airflow/dags/01_triaje_clean.py took 0.877 seconds
[2026-10-01T10:53:34.356+0000] {processor.py:186} INFO - Started process (PID=115) to work on /opt/airflow/dags/01_triaje_clean.py
[2026-10-01T10:53:34.363+0000] {processor.py:914} INFO - Processing file /opt/airflow/dags/01_triaje_clean.py for tasks to queue
[2026-10-01T10:53:34.369+0000] {logging_mixin.py:190} INFO - [2026-10-01T10:53:34.368+0000] {dagbag.py:588} INFO - Filling up the DagBag from /opt/airflow/dags/01_triaje_clean.py
[2026-10-01T10:53:35.262+0000] {processor.py:925} INFO - DAG(s) 'dag_triage_filter' retrieved from /opt/airflow/dags/01_triaje_clean.py
[2026-10-01T10:53:35.292+0000] {logging_mixin.py:190} INFO - [2026-10-01T10:53:35.291+0000] {dag.py:3239} INFO - Sync 1 DAGs
[2026-10-01T10:53:35.317+0000] {logging_mixin.py:190} INFO - [2026-10-01T10:53:35.317+0000] {dag.py:4180} INFO - Setting next_dagrun for dag_triage_filter to 2026-10-01 00:00:00+00:00, run_after=2026-10-02 00:00:00+00:00
[2026-10-01T10:53:35.339+0000] {processor.py:208} INFO - Processing /opt/airflow/dags/01_triaje_clean.py took 0.998 seconds
[2026-10-01T10:54:05.753+0000] {processor.py:186} INFO - Started process (PID=132) to work on /opt/airflow/dags/01_triaje_clean.py
[2026-10-01T10:54:05.759+0000] {processor.py:914} INFO - Processing file /opt/airflow/dags/01_triaje_clean.py for tasks to queue
[2026-10-01T10:54:05.765+0000] {logging_mixin.py:190} INFO - [2026-10-01T10:54:05.764+0000] {dagbag.py:588} INFO - Filling up the DagBag from /opt/airflow/dags/01_triaje_clean.py
[2026-10-01T10:54:06.948+0000] {processor.py:925} INFO - DAG(s) 'dag_triage_filter' retrieved from /opt/airflow/dags/01_triaje_clean.py
[2026-10-01T10:54:06.998+0000] {logging_mixin.py:190} INFO - [2026-10-01T10:54:06.997+0000] {dag.py:3239} INFO - Sync 1 DAGs
[2026-10-01T10:54:07.050+0000] {logging_mixin.py:190} INFO - [2026-10-01T10:54:07.050+0000] {dag.py:4180} INFO - Setting next_dagrun for dag_triage_filter to 2026-09-30 00:00:00+00:00, run_after=2026-10-01 00:00:00+00:00
[2026-10-01T10:54:07.085+0000] {processor.py:208} INFO - Processing /opt/airflow/dags/01_triaje_clean.py took 1.347 seconds
[2026-10-01T10:54:37.422+0000] {processor.py:186} INFO - Started process (PID=149) to work on /opt/airflow/dags/01_triaje_clean.py
[2026-10-01T10:54:37.425+0000] {processor.py:914} INFO - Processing file /opt/airflow/dags/01_triaje_clean.py for tasks to queue
[2026-10-01T10:54:37.430+0000] {logging_mixin.py:190} INFO - [2026-10-01T10:54:37.429+0000] {dagbag.py:588} INFO - Filling up the DagBag from /opt/airflow/dags/01_triaje_clean.py
[2026-10-01T10:54:39.277+0000] {processor.py:925} INFO - DAG(s) 'dag_triage_filter' retrieved from /opt/airflow/dags/01_triaje_clean.py
[2026-10-01T10:54:39.343+0000] {logging_mixin.py:190} INFO - [2026-10-01T10:54:39.343+0000] {dag.py:3239} INFO - Sync 1 DAGs
[2026-10-01T10:54:39.380+0000] {logging_mixin.py:190} INFO - [2026-10-01T10:54:39.380+0000] {dag.py:4180} INFO - Setting next_dagrun for dag_triage_filter to 2026-09-30 00:00:00+00:00, run_after=2026-10-01 00:00:00+00:00
[2026-10-01T10:54:39.406+0000] {processor.py:208} INFO - Processing /opt/airflow/dags/01_triaje_clean.py took 1.993 seconds
[2026-10-01T10:55:09.849+0000] {processor.py:186} INFO - Started process (PID=166) to work on /opt/airflow/dags/01_triaje_clean.py
[2026-10-01T10:55:09.854+0000] {processor.py:914} INFO - Processing file /opt/airflow/dags/01_triaje_clean.py for tasks to queue
[2026-10-01T10:55:09.859+0000] {logging_mixin.py:190} INFO - [2026-10-01T10:55:09.858+0000] {dagbag.py:588} INFO - Filling up the DagBag from /opt/airflow/dags/01_triaje_clean.py
[2026-10-01T10:55:10.891+0000] {processor.py:925} INFO - DAG(s) 'dag_triage_filter' retrieved from /opt/airflow/dags/01_triaje_clean.py
[2026-10-01T10:55:10.928+0000] {logging_mixin.py:190} INFO - [2026-10-01T10:55:10.927+0000] {dag.py:3239} INFO - Sync 1 DAGs
[2026-10-01T10:55:10.956+0000] {logging_mixin.py:190} INFO - [2026-10-01T10:55:10.955+0000] {dag.py:4180} INFO - Setting next_dagrun for dag_triage_filter to 2026-10-01 00:00:00+00:00, run_after=2026-10-02 00:00:00+00:00
[2026-10-01T10:55:10.990+0000] {processor.py:208} INFO - Processing /opt/airflow/dags/01_triaje_clean.py took 1.151 seconds
[2026-10-01T10:55:41.302+0000] {processor.py:186} INFO - Started process (PID=183) to work on /opt/airflow/dags/01_triaje_clean.py
[2026-10-01T10:55:41.304+0000] {processor.py:914} INFO - Processing file /opt/airflow/dags/01_triaje_clean.py for tasks to queue
[2026-10-01T10:55:41.307+0000] {logging_mixin.py:190} INFO - [2026-10-01T10:55:41.307+0000] {dagbag.py:588} INFO - Filling up the DagBag from /opt/airflow/dags/01_triaje_clean.py
[2026-10-01T10:55:42.383+0000] {processor.py:925} INFO - DAG(s) 'dag_triage_filter' retrieved from /opt/airflow/dags/01_triaje_clean.py
[2026-10-01T10:55:42.415+0000] {logging_mixin.py:190} INFO - [2026-10-01T10:55:42.415+0000] {dag.py:3239} INFO - Sync 1 DAGs
[2026-10-01T10:55:42.443+0000] {logging_mixin.py:190} INFO - [2026-10-01T10:55:42.443+0000] {dag.py:4180} INFO - Setting next_dagrun for dag_triage_filter to 2026-10-01 00:00:00+00:00, run_after=2026-10-02 00:00:00+00:00
[2026-10-01T10:55:42.469+0000] {processor.py:208} INFO - Processing /opt/airflow/dags/01_triaje_clean.py took 1.175 seconds
[2026-10-01T10:56:12.767+0000] {processor.py:186} INFO - Started process (PID=200) to work on /opt/airflow/dags/01_triaje_clean.py
[2026-10-01T10:56:12.771+0000] {processor.py:914} INFO - Processing file /opt/airflow/dags/01_triaje_clean.py for tasks to queue
[2026-10-01T10:56:12.775+0000] {logging_mixin.py:190} INFO - [2026-10-01T10:56:12.775+0000] {dagbag.py:588} INFO - Filling up the DagBag from /opt/airflow/dags/01_triaje_clean.py
[2026-10-01T10:56:13.840+0000] {processor.py:925} INFO - DAG(s) 'dag_triage_filter' retrieved from /opt/airflow/dags/01_triaje_clean.py
[2026-10-01T10:56:13.876+0000] {logging_mixin.py:190} INFO - [2026-10-01T10:56:13.876+0000] {dag.py:3239} INFO - Sync 1 DAGs
[2026-10-01T10:56:13.917+0000] {logging_mixin.py:190} INFO - [2026-10-01T10:56:13.916+0000] {dag.py:4180} INFO - Setting next_dagrun for dag_triage_filter to 2026-10-01 00:00:00+00:00, run_after=2026-10-02 00:00:00+00:00
[2026-10-01T10:56:13.942+0000] {processor.py:208} INFO - Processing /opt/airflow/dags/01_triaje_clean.py took 1.186 seconds
[2026-10-01T10:56:44.233+0000] {processor.py:186} INFO - Started process (PID=217) to work on /opt/airflow/dags/01_triaje_clean.py
[2026-10-01T10:56:44.237+0000] {processor.py:914} INFO - Processing file /opt/airflow/dags/01_triaje_clean.py for tasks to queue
[2026-10-01T10:56:44.240+0000] {logging_mixin.py:190} INFO - [2026-10-01T10:56:44.240+0000] {dagbag.py:588} INFO - Filling up the DagBag from /opt/airflow/dags/01_triaje_clean.py
[2026-10-01T10:56:45.012+0000] {processor.py:925} INFO - DAG(s) 'dag_triage_filter' retrieved from /opt/airflow/dags/01_triaje_clean.py
[2026-10-01T10:56:45.049+0000] {logging_mixin.py:190} INFO - [2026-10-01T10:56:45.048+0000] {dag.py:3239} INFO - Sync 1 DAGs
[2026-10-01T10:56:45.075+0000] {logging_mixin.py:190} INFO - [2026-10-01T10:56:45.074+0000] {dag.py:4180} INFO - Setting next_dagrun for dag_triage_filter to 2026-10-01 00:00:00+00:00, run_after=2026-10-02 00:00:00+00:00
[2026-10-01T10:56:45.103+0000] {processor.py:208} INFO - Processing /opt/airflow/dags/01_triaje_clean.py took 0.881 seconds
[2026-10-01T10:57:34.722+0000] {processor.py:186} INFO - Started process (PID=234) to work on /opt/airflow/dags/01_triaje_clean.py
[2026-10-01T10:57:34.728+0000] {processor.py:914} INFO - Processing file /opt/airflow/dags/01_triaje_clean.py for tasks to queue
[2026-10-01T10:57:34.732+0000] {logging_mixin.py:190} INFO - [2026-10-01T10:57:34.731+0000] {dagbag.py:588} INFO - Filling up the DagBag from /opt/airflow/dags/01_triaje_clean.py
[2026-10-01T10:57:35.555+0000] {processor.py:925} INFO - DAG(s) 'dag_triage_filter' retrieved from /opt/airflow/dags/01_triaje_clean.py
[2026-10-01T10:57:35.686+0000] {logging_mixin.py:190} INFO - [2026-10-01T10:57:35.686+0000] {dag.py:3239} INFO - Sync 1 DAGs
[2026-10-01T10:57:35.702+0000] {logging_mixin.py:190} INFO - [2026-10-01T10:57:35.702+0000] {dag.py:3262} INFO - Creating ORM DAG for dag_triage_filter
[2026-10-01T10:57:35.717+0000] {logging_mixin.py:190} INFO - [2026-10-01T10:57:35.716+0000] {dag.py:4180} INFO - Setting next_dagrun for dag_triage_filter to 2026-09-30 00:00:00+00:00, run_after=2026-10-01 00:00:00+00:00
[2026-10-01T10:57:35.743+0000] {processor.py:208} INFO - Processing /opt/airflow/dags/01_triaje_clean.py took 1.031 seconds
[2026-10-01T10:58:06.139+0000] {processor.py:186} INFO - Started process (PID=255) to work on /opt/airflow/dags/01_triaje_clean.py
[2026-10-01T10:58:06.143+0000] {processor.py:914} INFO - Processing file /opt/airflow/dags/01_triaje_clean.py for tasks to queue
[2026-10-01T10:58:06.147+0000] {logging_mixin.py:190} INFO - [2026-10-01T10:58:06.147+0000] {dagbag.py:588} INFO - Filling up the DagBag from /opt/airflow/dags/01_triaje_clean.py
[2026-10-01T10:58:06.977+0000] {processor.py:925} INFO - DAG(s) 'dag_triage_filter' retrieved from /opt/airflow/dags/01_triaje_clean.py
[2026-10-01T10:58:07.017+0000] {logging_mixin.py:190} INFO - [2026-10-01T10:58:07.016+0000] {dag.py:3239} INFO - Sync 1 DAGs
[2026-10-01T10:58:07.050+0000] {logging_mixin.py:190} INFO - [2026-10-01T10:58:07.049+0000] {dag.py:4180} INFO - Setting next_dagrun for dag_triage_filter to 2026-10-01 00:00:00+00:00, run_after=2026-10-02 00:00:00+00:00
[2026-10-01T10:58:07.074+0000] {processor.py:208} INFO - Processing /opt/airflow/dags/01_triaje_clean.py took 0.948 seconds
[2026-10-01T10:58:37.558+0000] {processor.py:186} INFO - Started process (PID=272) to work on /opt/airflow/dags/01_triaje_clean.py
[2026-10-01T10:58:37.561+0000] {processor.py:914} INFO - Processing file /opt/airflow/dags/01_triaje_clean.py for tasks to queue
[2026-10-01T10:58:37.565+0000] {logging_mixin.py:190} INFO - [2026-10-01T10:58:37.564+0000] {dagbag.py:588} INFO - Filling up the DagBag from /opt/airflow/dags/01_triaje_clean.py
[2026-10-01T10:58:38.361+0000] {processor.py:925} INFO - DAG(s) 'dag_triage_filter' retrieved from /opt/airflow/dags/01_triaje_clean.py
[2026-10-01T10:58:38.398+0000] {logging_mixin.py:190} INFO - [2026-10-01T10:58:38.397+0000] {dag.py:3239} INFO - Sync 1 DAGs
[2026-10-01T10:58:38.425+0000] {logging_mixin.py:190} INFO - [2026-10-01T10:58:38.425+0000] {dag.py:4180} INFO - Setting next_dagrun for dag_triage_filter to 2026-10-01 00:00:00+00:00, run_after=2026-10-02 00:00:00+00:00
[2026-10-01T10:58:38.449+0000] {processor.py:208} INFO - Processing /opt/airflow/dags/01_triaje_clean.py took 0.899 seconds
[2026-10-01T10:59:08.927+0000] {processor.py:186} INFO - Started process (PID=289) to work on /opt/airflow/dags/01_triaje_clean.py
[2026-10-01T10:59:08.931+0000] {processor.py:914} INFO - Processing file /opt/airflow/dags/01_triaje_clean.py for tasks to queue
[2026-10-01T10:59:08.936+0000] {logging_mixin.py:190} INFO - [2026-10-01T10:59:08.936+0000] {dagbag.py:588} INFO - Filling up the DagBag from /opt/airflow/dags/01_triaje_clean.py
[2026-10-01T10:59:09.843+0000] {processor.py:925} INFO - DAG(s) 'dag_triage_filter' retrieved from /opt/airflow/dags/01_triaje_clean.py
[2026-10-01T10:59:09.907+0000] {logging_mixin.py:190} INFO - [2026-10-01T10:59:09.906+0000] {dag.py:3239} INFO - Sync 1 DAGs
[2026-10-01T10:59:09.969+0000] {logging_mixin.py:190} INFO - [2026-10-01T10:59:09.969+0000] {dag.py:4180} INFO - Setting next_dagrun for dag_triage_filter to 2026-10-01 00:00:00+00:00, run_after=2026-10-02 00:00:00+00:00
[2026-10-01T10:59:09.996+0000] {processor.py:208} INFO - Processing /opt/airflow/dags/01_triaje_clean.py took 1.075 seconds
[2026-10-01T10:59:40.462+0000] {processor.py:186} INFO - Started process (PID=306) to work on /opt/airflow/dags/01_triaje_clean.py
[2026-10-01T10:59:40.467+0000] {processor.py:914} INFO - Processing file /opt/airflow/dags/01_triaje_clean.py for tasks to queue
[2026-10-01T10:59:40.472+0000] {logging_mixin.py:190} INFO - [2026-10-01T10:59:40.471+0000] {dagbag.py:588} INFO - Filling up the DagBag from /opt/airflow/dags/01_triaje_clean.py
[2026-10-01T10:59:41.340+0000] {processor.py:925} INFO - DAG(s) 'dag_triage_filter' retrieved from /opt/airflow/dags/01_triaje_clean.py
[2026-10-01T10:59:41.367+0000] {logging_mixin.py:190} INFO - [2026-10-01T10:59:41.367+0000] {dag.py:3239} INFO - Sync 1 DAGs
[2026-10-01T10:59:41.393+0000] {logging_mixin.py:190} INFO - [2026-10-01T10:59:41.393+0000] {dag.py:4180} INFO - Setting next_dagrun for dag_triage_filter to 2026-10-01 00:00:00+00:00, run_after=2026-10-02 00:00:00+00:00
[2026-10-01T10:59:41.410+0000] {processor.py:208} INFO - Processing /opt/airflow/dags/01_triaje_clean.py took 0.959 seconds
[2026-10-01T11:00:11.839+0000] {processor.py:186} INFO - Started process (PID=323) to work on /opt/airflow/dags/01_triaje_clean.py
[2026-10-01T11:00:11.843+0000] {processor.py:914} INFO - Processing file /opt/airflow/dags/01_triaje_clean.py for tasks to queue
[2026-10-01T11:00:11.847+0000] {logging_mixin.py:190} INFO - [2026-10-01T11:00:11.847+0000] {dagbag.py:588} INFO - Filling up the DagBag from /opt/airflow/dags/01_triaje_clean.py
[2026-10-01T11:00:12.677+0000] {processor.py:925} INFO - DAG(s) 'dag_triage_filter' retrieved from /opt/airflow/dags/01_triaje_clean.py
[2026-10-01T11:00:12.704+0000] {logging_mixin.py:190} INFO - [2026-10-01T11:00:12.703+0000] {dag.py:3239} INFO - Sync 1 DAGs
[2026-10-01T11:00:12.731+0000] {logging_mixin.py:190} INFO - [2026-10-01T11:00:12.731+0000] {dag.py:4180} INFO - Setting next_dagrun for dag_triage_filter to 2026-10-01 00:00:00+00:00, run_after=2026-10-02 00:00:00+00:00
[2026-10-01T11:00:12.752+0000] {processor.py:208} INFO - Processing /opt/airflow/dags/01_triaje_clean.py took 0.921 seconds
[2026-10-01T11:00:43.198+0000] {processor.py:186} INFO - Started process (PID=340) to work on /opt/airflow/dags/01_triaje_clean.py
[2026-10-01T11:00:43.202+0000] {processor.py:914} INFO - Processing file /opt/airflow/dags/01_triaje_clean.py for tasks to queue
[2026-10-01T11:00:43.207+0000] {logging_mixin.py:190} INFO - [2026-10-01T11:00:43.205+0000] {dagbag.py:588} INFO - Filling up the DagBag from /opt/airflow/dags/01_triaje_clean.py
[2026-10-01T11:00:44.075+0000] {processor.py:925} INFO - DAG(s) 'dag_triage_filter' retrieved from /opt/airflow/dags/01_triaje_clean.py
[2026-10-01T11:00:44.185+0000] {logging_mixin.py:190} INFO - [2026-10-01T11:00:44.184+0000] {dag.py:3239} INFO - Sync 1 DAGs
[2026-10-01T11:00:44.205+0000] {logging_mixin.py:190} INFO - [2026-10-01T11:00:44.204+0000] {dag.py:3262} INFO - Creating ORM DAG for dag_triage_filter
[2026-10-01T11:00:44.225+0000] {logging_mixin.py:190} INFO - [2026-10-01T11:00:44.225+0000] {dag.py:4180} INFO - Setting next_dagrun for dag_triage_filter to 2026-09-30 00:00:00+00:00, run_after=2026-10-01 00:00:00+00:00
[2026-10-01T11:00:44.253+0000] {processor.py:208} INFO - Processing /opt/airflow/dags/01_triaje_clean.py took 1.066 seconds
[2026-10-01T11:01:14.600+0000] {processor.py:186} INFO - Started process (PID=357) to work on /opt/airflow/dags/01_triaje_clean.py
[2026-10-01T11:01:14.603+0000] {processor.py:914} INFO - Processing file /opt/airflow/dags/01_triaje_clean.py for tasks to queue
[2026-10-01T11:01:14.606+0000] {logging_mixin.py:190} INFO - [2026-10-01T11:01:14.605+0000] {dagbag.py:588} INFO - Filling up the DagBag from /opt/airflow/dags/01_triaje_clean.py
[2026-10-01T11:01:15.335+0000] {processor.py:925} INFO - DAG(s) 'dag_triage_filter' retrieved from /opt/airflow/dags/01_triaje_clean.py
[2026-10-01T11:01:15.365+0000] {logging_mixin.py:190} INFO - [2026-10-01T11:01:15.364+0000] {dag.py:3239} INFO - Sync 1 DAGs
[2026-10-01T11:01:15.392+0000] {logging_mixin.py:190} INFO - [2026-10-01T11:01:15.391+0000] {dag.py:4180} INFO - Setting next_dagrun for dag_triage_filter to 2026-09-30 00:00:00+00:00, run_after=2026-10-01 00:00:00+00:00
[2026-10-01T11:01:15.413+0000] {processor.py:208} INFO - Processing /opt/airflow/dags/01_triaje_clean.py took 0.822 seconds
[2026-10-01T11:01:45.858+0000] {processor.py:186} INFO - Started process (PID=374) to work on /opt/airflow/dags/01_triaje_clean.py
[2026-10-01T11:01:45.862+0000] {processor.py:914} INFO - Processing file /opt/airflow/dags/01_triaje_clean.py for tasks to queue
[2026-10-01T11:01:45.866+0000] {logging_mixin.py:190} INFO - [2026-10-01T11:01:45.866+0000] {dagbag.py:588} INFO - Filling up the DagBag from /opt/airflow/dags/01_triaje_clean.py
[2026-10-01T11:01:46.587+0000] {processor.py:925} INFO - DAG(s) 'dag_triage_filter' retrieved from /opt/airflow/dags/01_triaje_clean.py
[2026-10-01T11:01:46.617+0000] {logging_mixin.py:190} INFO - [2026-10-01T11:01:46.617+0000] {dag.py:3239} INFO - Sync 1 DAGs
[2026-10-01T11:01:46.644+0000] {logging_mixin.py:190} INFO - [2026-10-01T11:01:46.644+0000] {dag.py:4180} INFO - Setting next_dagrun for dag_triage_filter to 2026-09-30 00:00:00+00:00, run_after=2026-10-01 00:00:00+00:00
[2026-10-01T11:01:46.669+0000] {processor.py:208} INFO - Processing /opt/airflow/dags/01_triaje_clean.py took 0.818 seconds
[2026-10-01T11:02:17.118+0000] {processor.py:186} INFO - Started process (PID=391) to work on /opt/airflow/dags/01_triaje_clean.py
[2026-10-01T11:02:17.122+0000] {processor.py:914} INFO - Processing file /opt/airflow/dags/01_triaje_clean.py for tasks to queue
[2026-10-01T11:02:17.127+0000] {logging_mixin.py:190} INFO - [2026-10-01T11:02:17.127+0000] {dagbag.py:588} INFO - Filling up the DagBag from /opt/airflow/dags/01_triaje_clean.py
[2026-10-01T11:02:17.894+0000] {processor.py:925} INFO - DAG(s) 'dag_triage_filter' retrieved from /opt/airflow/dags/01_triaje_clean.py
[2026-10-01T11:02:17.923+0000] {logging_mixin.py:190} INFO - [2026-10-01T11:02:17.922+0000] {dag.py:3239} INFO - Sync 1 DAGs
[2026-10-01T11:02:17.947+0000] {logging_mixin.py:190} INFO - [2026-10-01T11:02:17.947+0000] {dag.py:4180} INFO - Setting next_dagrun for dag_triage_filter to 2026-09-30 00:00:00+00:00, run_after=2026-10-01 00:00:00+00:00
[2026-10-01T11:02:17.966+0000] {processor.py:208} INFO - Processing /opt/airflow/dags/01_triaje_clean.py took 0.857 seconds
[2026-10-01T11:02:48.433+0000] {processor.py:186} INFO - Started process (PID=408) to work on /opt/airflow/dags/01_triaje_clean.py
[2026-10-01T11:02:48.435+0000] {processor.py:914} INFO - Processing file /opt/airflow/dags/01_triaje_clean.py for tasks to queue
[2026-10-01T11:02:48.437+0000] {logging_mixin.py:190} INFO - [2026-10-01T11:02:48.437+0000] {dagbag.py:588} INFO - Filling up the DagBag from /opt/airflow/dags/01_triaje_clean.py
[2026-10-01T11:02:49.147+0000] {processor.py:925} INFO - DAG(s) 'dag_triage_filter' retrieved from /opt/airflow/dags/01_triaje_clean.py
[2026-10-01T11:02:49.173+0000] {logging_mixin.py:190} INFO - [2026-10-01T11:02:49.172+0000] {dag.py:3239} INFO - Sync 1 DAGs
[2026-10-01T11:02:49.204+0000] {logging_mixin.py:190} INFO - [2026-10-01T11:02:49.203+0000] {dag.py:4180} INFO - Setting next_dagrun for dag_triage_filter to 2026-09-30 00:00:00+00:00, run_after=2026-10-01 00:00:00+00:00
[2026-10-01T11:02:49.239+0000] {processor.py:208} INFO - Processing /opt/airflow/dags/01_triaje_clean.py took 0.813 seconds
[2026-10-01T11:03:19.921+0000] {processor.py:186} INFO - Started process (PID=425) to work on /opt/airflow/dags/01_triaje_clean.py
[2026-10-01T11:03:19.928+0000] {processor.py:914} INFO - Processing file /opt/airflow/dags/01_triaje_clean.py for tasks to queue
[2026-10-01T11:03:19.934+0000] {logging_mixin.py:190} INFO - [2026-10-01T11:03:19.933+0000] {dagbag.py:588} INFO - Filling up the DagBag from /opt/airflow/dags/01_triaje_clean.py
[2026-10-01T11:03:20.658+0000] {processor.py:925} INFO - DAG(s) 'dag_triage_filter' retrieved from /opt/airflow/dags/01_triaje_clean.py
[2026-10-01T11:03:20.686+0000] {logging_mixin.py:190} INFO - [2026-10-01T11:03:20.685+0000] {dag.py:3239} INFO - Sync 1 DAGs
[2026-10-01T11:03:20.710+0000] {logging_mixin.py:190} INFO - [2026-10-01T11:03:20.710+0000] {dag.py:4180} INFO - Setting next_dagrun for dag_triage_filter to 2026-09-30 00:00:00+00:00, run_after=2026-10-01 00:00:00+00:00
[2026-10-01T11:03:20.727+0000] {processor.py:208} INFO - Processing /opt/airflow/dags/01_triaje_clean.py took 0.815 seconds
[2026-10-01T11:03:51.217+0000] {processor.py:186} INFO - Started process (PID=442) to work on /opt/airflow/dags/01_triaje_clean.py
[2026-10-01T11:03:51.220+0000] {processor.py:914} INFO - Processing file /opt/airflow/dags/01_triaje_clean.py for tasks to queue
[2026-10-01T11:03:51.222+0000] {logging_mixin.py:190} INFO - [2026-10-01T11:03:51.222+0000] {dagbag.py:588} INFO - Filling up the DagBag from /opt/airflow/dags/01_triaje_clean.py
[2026-10-01T11:03:51.961+0000] {processor.py:925} INFO - DAG(s) 'dag_triage_filter' retrieved from /opt/airflow/dags/01_triaje_clean.py
[2026-10-01T11:03:51.990+0000] {logging_mixin.py:190} INFO - [2026-10-01T11:03:51.989+0000] {dag.py:3239} INFO - Sync 1 DAGs
[2026-10-01T11:03:52.032+0000] {logging_mixin.py:190} INFO - [2026-10-01T11:03:52.032+0000] {dag.py:4180} INFO - Setting next_dagrun for dag_triage_filter to 2026-09-30 00:00:00+00:00, run_after=2026-10-01 00:00:00+00:00
[2026-10-01T11:03:52.063+0000] {processor.py:208} INFO - Processing /opt/airflow/dags/01_triaje_clean.py took 0.854 seconds
[2026-10-01T11:04:22.557+0000] {processor.py:186} INFO - Started process (PID=459) to work on /opt/airflow/dags/01_triaje_clean.py
[2026-10-01T11:04:22.560+0000] {processor.py:914} INFO - Processing file /opt/airflow/dags/01_triaje_clean.py for tasks to queue
[2026-10-01T11:04:22.564+0000] {logging_mixin.py:190} INFO - [2026-10-01T11:04:22.563+0000] {dagbag.py:588} INFO - Filling up the DagBag from /opt/airflow/dags/01_triaje_clean.py
[2026-10-01T11:04:23.258+0000] {processor.py:925} INFO - DAG(s) 'dag_triage_filter' retrieved from /opt/airflow/dags/01_triaje_clean.py
[2026-10-01T11:04:23.287+0000] {logging_mixin.py:190} INFO - [2026-10-01T11:04:23.287+0000] {dag.py:3239} INFO - Sync 1 DAGs
[2026-10-01T11:04:23.311+0000] {logging_mixin.py:190} INFO - [2026-10-01T11:04:23.311+0000] {dag.py:4180} INFO - Setting next_dagrun for dag_triage_filter to 2026-09-30 00:00:00+00:00, run_after=2026-10-01 00:00:00+00:00
[2026-10-01T11:04:23.335+0000] {processor.py:208} INFO - Processing /opt/airflow/dags/01_triaje_clean.py took 0.790 seconds
[2026-10-01T11:04:53.843+0000] {processor.py:186} INFO - Started process (PID=476) to work on /opt/airflow/dags/01_triaje_clean.py
[2026-10-01T11:04:53.848+0000] {processor.py:914} INFO - Processing file /opt/airflow/dags/01_triaje_clean.py for tasks to queue
[2026-10-01T11:04:53.853+0000] {logging_mixin.py:190} INFO - [2026-10-01T11:04:53.853+0000] {dagbag.py:588} INFO - Filling up the DagBag from /opt/airflow/dags/01_triaje_clean.py
[2026-10-01T11:04:54.597+0000] {processor.py:925} INFO - DAG(s) 'dag_triage_filter' retrieved from /opt/airflow/dags/01_triaje_clean.py
[2026-10-01T11:04:54.696+0000] {logging_mixin.py:190} INFO - [2026-10-01T11:04:54.696+0000] {dag.py:3239} INFO - Sync 1 DAGs
[2026-10-01T11:04:54.711+0000] {logging_mixin.py:190} INFO - [2026-10-01T11:04:54.711+0000] {dag.py:3262} INFO - Creating ORM DAG for dag_triage_filter
[2026-10-01T11:04:54.725+0000] {logging_mixin.py:190} INFO - [2026-10-01T11:04:54.724+0000] {dag.py:4180} INFO - Setting next_dagrun for dag_triage_filter to 2026-09-30 00:00:00+00:00, run_after=2026-10-01 00:00:00+00:00
[2026-10-01T11:04:54.744+0000] {processor.py:208} INFO - Processing /opt/airflow/dags/01_triaje_clean.py took 0.911 seconds
[2026-10-01T11:05:09.979+0000] {processor.py:186} INFO - Started process (PID=493) to work on /opt/airflow/dags/01_triaje_clean.py
[2026-10-01T11:05:09.983+0000] {processor.py:914} INFO - Processing file /opt/airflow/dags/01_triaje_clean.py for tasks to queue
[2026-10-01T11:05:09.986+0000] {logging_mixin.py:190} INFO - [2026-10-01T11:05:09.986+0000] {dagbag.py:588} INFO - Filling up the DagBag from /opt/airflow/dags/01_triaje_clean.py
[2026-10-01T11:05:10.736+0000] {logging_mixin.py:190} INFO - [2026-10-01T11:05:10.724+0000] {dagbag.py:484} ERROR - Failed to bag_dag: /opt/airflow/dags/01_triaje_clean.py
Traceback (most recent call last):
  File "/home/airflow/.local/lib/python3.12/site-packages/airflow/timetables/_cron.py", line 102, in validate
    croniter(self._expression)
  File "/home/airflow/.local/lib/python3.12/site-packages/croniter/croniter.py", line 268, in __init__
    self.expanded, self.nth_weekday_of_month = self.expand(
                                               ^^^^^^^^^^^^
  File "/home/airflow/.local/lib/python3.12/site-packages/croniter/croniter.py", line 1113, in expand
    return cls._expand(
           ^^^^^^^^^^^^
  File "/home/airflow/.local/lib/python3.12/site-packages/croniter/croniter.py", line 852, in _expand
    raise CroniterBadCronError("Exactly 5, 6 or 7 columns has to be specified for iterator expression.")
croniter.croniter.CroniterBadCronError: Exactly 5, 6 or 7 columns has to be specified for iterator expression.

During handling of the above exception, another exception occurred:

Traceback (most recent call last):
  File "/home/airflow/.local/lib/python3.12/site-packages/airflow/models/dagbag.py", line 479, in _process_modules
    dag.validate()
  File "/home/airflow/.local/lib/python3.12/site-packages/airflow/models/dag.py", line 845, in validate
    self.timetable.validate()
  File "/home/airflow/.local/lib/python3.12/site-packages/airflow/timetables/_cron.py", line 104, in validate
    raise AirflowTimetableInvalid(str(e))
airflow.exceptions.AirflowTimetableInvalid: Exactly 5, 6 or 7 columns has to be specified for iterator expression.
[2026-10-01T11:05:10.738+0000] {processor.py:927} WARNING - No viable dags retrieved from /opt/airflow/dags/01_triaje_clean.py
[2026-10-01T11:05:10.762+0000] {processor.py:208} INFO - Processing /opt/airflow/dags/01_triaje_clean.py took 0.789 seconds
[2026-10-01T11:05:41.142+0000] {processor.py:186} INFO - Started process (PID=510) to work on /opt/airflow/dags/01_triaje_clean.py
[2026-10-01T11:05:41.146+0000] {processor.py:914} INFO - Processing file /opt/airflow/dags/01_triaje_clean.py for tasks to queue
[2026-10-01T11:05:41.149+0000] {logging_mixin.py:190} INFO - [2026-10-01T11:05:41.149+0000] {dagbag.py:588} INFO - Filling up the DagBag from /opt/airflow/dags/01_triaje_clean.py
[2026-10-01T11:05:41.905+0000] {logging_mixin.py:190} INFO - [2026-10-01T11:05:41.903+0000] {dagbag.py:484} ERROR - Failed to bag_dag: /opt/airflow/dags/01_triaje_clean.py
Traceback (most recent call last):
  File "/home/airflow/.local/lib/python3.12/site-packages/airflow/timetables/_cron.py", line 102, in validate
    croniter(self._expression)
  File "/home/airflow/.local/lib/python3.12/site-packages/croniter/croniter.py", line 268, in __init__
    self.expanded, self.nth_weekday_of_month = self.expand(
                                               ^^^^^^^^^^^^
  File "/home/airflow/.local/lib/python3.12/site-packages/croniter/croniter.py", line 1113, in expand
    return cls._expand(
           ^^^^^^^^^^^^
  File "/home/airflow/.local/lib/python3.12/site-packages/croniter/croniter.py", line 852, in _expand
    raise CroniterBadCronError("Exactly 5, 6 or 7 columns has to be specified for iterator expression.")
croniter.croniter.CroniterBadCronError: Exactly 5, 6 or 7 columns has to be specified for iterator expression.

During handling of the above exception, another exception occurred:

Traceback (most recent call last):
  File "/home/airflow/.local/lib/python3.12/site-packages/airflow/models/dagbag.py", line 479, in _process_modules
    dag.validate()
  File "/home/airflow/.local/lib/python3.12/site-packages/airflow/models/dag.py", line 845, in validate
    self.timetable.validate()
  File "/home/airflow/.local/lib/python3.12/site-packages/airflow/timetables/_cron.py", line 104, in validate
    raise AirflowTimetableInvalid(str(e))
airflow.exceptions.AirflowTimetableInvalid: Exactly 5, 6 or 7 columns has to be specified for iterator expression.
[2026-10-01T11:05:41.907+0000] {processor.py:927} WARNING - No viable dags retrieved from /opt/airflow/dags/01_triaje_clean.py
[2026-10-01T11:05:41.930+0000] {processor.py:208} INFO - Processing /opt/airflow/dags/01_triaje_clean.py took 0.797 seconds
[2026-10-01T11:06:10.254+0000] {processor.py:186} INFO - Started process (PID=527) to work on /opt/airflow/dags/01_triaje_clean.py
[2026-10-01T11:06:10.256+0000] {processor.py:914} INFO - Processing file /opt/airflow/dags/01_triaje_clean.py for tasks to queue
[2026-10-01T11:06:10.258+0000] {logging_mixin.py:190} INFO - [2026-10-01T11:06:10.258+0000] {dagbag.py:588} INFO - Filling up the DagBag from /opt/airflow/dags/01_triaje_clean.py
[2026-10-01T11:06:11.037+0000] {processor.py:925} INFO - DAG(s) 'dag_triage_filter' retrieved from /opt/airflow/dags/01_triaje_clean.py
[2026-10-01T11:06:11.141+0000] {logging_mixin.py:190} INFO - [2026-10-01T11:06:11.141+0000] {dag.py:3239} INFO - Sync 1 DAGs
[2026-10-01T11:06:11.156+0000] {logging_mixin.py:190} INFO - [2026-10-01T11:06:11.156+0000] {dag.py:4180} INFO - Setting next_dagrun for dag_triage_filter to None, run_after=None
[2026-10-01T11:06:11.185+0000] {processor.py:208} INFO - Processing /opt/airflow/dags/01_triaje_clean.py took 0.938 seconds
[2026-10-01T11:06:41.627+0000] {processor.py:186} INFO - Started process (PID=544) to work on /opt/airflow/dags/01_triaje_clean.py
[2026-10-01T11:06:41.634+0000] {processor.py:914} INFO - Processing file /opt/airflow/dags/01_triaje_clean.py for tasks to queue
[2026-10-01T11:06:41.640+0000] {logging_mixin.py:190} INFO - [2026-10-01T11:06:41.639+0000] {dagbag.py:588} INFO - Filling up the DagBag from /opt/airflow/dags/01_triaje_clean.py
[2026-10-01T11:06:42.402+0000] {processor.py:925} INFO - DAG(s) 'dag_triage_filter' retrieved from /opt/airflow/dags/01_triaje_clean.py
[2026-10-01T11:06:42.432+0000] {logging_mixin.py:190} INFO - [2026-10-01T11:06:42.432+0000] {dag.py:3239} INFO - Sync 1 DAGs
[2026-10-01T11:06:42.449+0000] {logging_mixin.py:190} INFO - [2026-10-01T11:06:42.449+0000] {dag.py:4180} INFO - Setting next_dagrun for dag_triage_filter to None, run_after=None
[2026-10-01T11:06:42.469+0000] {processor.py:208} INFO - Processing /opt/airflow/dags/01_triaje_clean.py took 0.853 seconds
[2026-10-01T11:07:12.906+0000] {processor.py:186} INFO - Started process (PID=561) to work on /opt/airflow/dags/01_triaje_clean.py
[2026-10-01T11:07:12.909+0000] {processor.py:914} INFO - Processing file /opt/airflow/dags/01_triaje_clean.py for tasks to queue
[2026-10-01T11:07:12.913+0000] {logging_mixin.py:190} INFO - [2026-10-01T11:07:12.912+0000] {dagbag.py:588} INFO - Filling up the DagBag from /opt/airflow/dags/01_triaje_clean.py
[2026-10-01T11:07:13.689+0000] {processor.py:925} INFO - DAG(s) 'dag_triage_filter' retrieved from /opt/airflow/dags/01_triaje_clean.py
[2026-10-01T11:07:13.735+0000] {logging_mixin.py:190} INFO - [2026-10-01T11:07:13.734+0000] {dag.py:3239} INFO - Sync 1 DAGs
[2026-10-01T11:07:13.773+0000] {logging_mixin.py:190} INFO - [2026-10-01T11:07:13.773+0000] {dag.py:4180} INFO - Setting next_dagrun for dag_triage_filter to None, run_after=None
[2026-10-01T11:07:13.833+0000] {processor.py:208} INFO - Processing /opt/airflow/dags/01_triaje_clean.py took 0.938 seconds
[2026-10-01T11:07:44.293+0000] {processor.py:186} INFO - Started process (PID=578) to work on /opt/airflow/dags/01_triaje_clean.py
[2026-10-01T11:07:44.296+0000] {processor.py:914} INFO - Processing file /opt/airflow/dags/01_triaje_clean.py for tasks to queue
[2026-10-01T11:07:44.298+0000] {logging_mixin.py:190} INFO - [2026-10-01T11:07:44.298+0000] {dagbag.py:588} INFO - Filling up the DagBag from /opt/airflow/dags/01_triaje_clean.py
[2026-10-01T11:07:44.992+0000] {processor.py:925} INFO - DAG(s) 'dag_triage_filter' retrieved from /opt/airflow/dags/01_triaje_clean.py
[2026-10-01T11:07:45.022+0000] {logging_mixin.py:190} INFO - [2026-10-01T11:07:45.022+0000] {dag.py:3239} INFO - Sync 1 DAGs
[2026-10-01T11:07:45.041+0000] {logging_mixin.py:190} INFO - [2026-10-01T11:07:45.041+0000] {dag.py:4180} INFO - Setting next_dagrun for dag_triage_filter to None, run_after=None
[2026-10-01T11:07:45.066+0000] {processor.py:208} INFO - Processing /opt/airflow/dags/01_triaje_clean.py took 0.780 seconds
[2026-10-01T11:08:15.519+0000] {processor.py:186} INFO - Started process (PID=595) to work on /opt/airflow/dags/01_triaje_clean.py
[2026-10-01T11:08:15.524+0000] {processor.py:914} INFO - Processing file /opt/airflow/dags/01_triaje_clean.py for tasks to queue
[2026-10-01T11:08:15.526+0000] {logging_mixin.py:190} INFO - [2026-10-01T11:08:15.526+0000] {dagbag.py:588} INFO - Filling up the DagBag from /opt/airflow/dags/01_triaje_clean.py
[2026-10-01T11:08:16.209+0000] {processor.py:925} INFO - DAG(s) 'dag_triage_filter' retrieved from /opt/airflow/dags/01_triaje_clean.py
[2026-10-01T11:08:16.238+0000] {logging_mixin.py:190} INFO - [2026-10-01T11:08:16.237+0000] {dag.py:3239} INFO - Sync 1 DAGs
[2026-10-01T11:08:16.254+0000] {logging_mixin.py:190} INFO - [2026-10-01T11:08:16.254+0000] {dag.py:4180} INFO - Setting next_dagrun for dag_triage_filter to None, run_after=None
[2026-10-01T11:08:16.275+0000] {processor.py:208} INFO - Processing /opt/airflow/dags/01_triaje_clean.py took 0.761 seconds
[2026-10-01T11:08:46.364+0000] {processor.py:186} INFO - Started process (PID=612) to work on /opt/airflow/dags/01_triaje_clean.py
[2026-10-01T11:08:46.368+0000] {processor.py:914} INFO - Processing file /opt/airflow/dags/01_triaje_clean.py for tasks to queue
[2026-10-01T11:08:46.372+0000] {logging_mixin.py:190} INFO - [2026-10-01T11:08:46.371+0000] {dagbag.py:588} INFO - Filling up the DagBag from /opt/airflow/dags/01_triaje_clean.py
[2026-10-01T11:08:47.079+0000] {processor.py:925} INFO - DAG(s) 'dag_triage_filter' retrieved from /opt/airflow/dags/01_triaje_clean.py
[2026-10-01T11:08:47.111+0000] {logging_mixin.py:190} INFO - [2026-10-01T11:08:47.110+0000] {dag.py:3239} INFO - Sync 1 DAGs
[2026-10-01T11:08:47.125+0000] {logging_mixin.py:190} INFO - [2026-10-01T11:08:47.125+0000] {dag.py:4180} INFO - Setting next_dagrun for dag_triage_filter to None, run_after=None
[2026-10-01T11:08:47.144+0000] {processor.py:208} INFO - Processing /opt/airflow/dags/01_triaje_clean.py took 0.792 seconds
[2026-10-01T11:09:17.515+0000] {processor.py:186} INFO - Started process (PID=629) to work on /opt/airflow/dags/01_triaje_clean.py
[2026-10-01T11:09:17.518+0000] {processor.py:914} INFO - Processing file /opt/airflow/dags/01_triaje_clean.py for tasks to queue
[2026-10-01T11:09:17.521+0000] {logging_mixin.py:190} INFO - [2026-10-01T11:09:17.521+0000] {dagbag.py:588} INFO - Filling up the DagBag from /opt/airflow/dags/01_triaje_clean.py
[2026-10-01T11:09:18.235+0000] {processor.py:925} INFO - DAG(s) 'dag_triage_filter' retrieved from /opt/airflow/dags/01_triaje_clean.py
[2026-10-01T11:09:18.261+0000] {logging_mixin.py:190} INFO - [2026-10-01T11:09:18.260+0000] {dag.py:3239} INFO - Sync 1 DAGs
[2026-10-01T11:09:18.276+0000] {logging_mixin.py:190} INFO - [2026-10-01T11:09:18.275+0000] {dag.py:4180} INFO - Setting next_dagrun for dag_triage_filter to None, run_after=None
[2026-10-01T11:09:18.293+0000] {processor.py:208} INFO - Processing /opt/airflow/dags/01_triaje_clean.py took 0.788 seconds
[2026-10-01T11:09:48.662+0000] {processor.py:186} INFO - Started process (PID=646) to work on /opt/airflow/dags/01_triaje_clean.py
[2026-10-01T11:09:48.668+0000] {processor.py:914} INFO - Processing file /opt/airflow/dags/01_triaje_clean.py for tasks to queue
[2026-10-01T11:09:48.672+0000] {logging_mixin.py:190} INFO - [2026-10-01T11:09:48.672+0000] {dagbag.py:588} INFO - Filling up the DagBag from /opt/airflow/dags/01_triaje_clean.py
[2026-10-01T11:09:49.393+0000] {processor.py:925} INFO - DAG(s) 'dag_triage_filter' retrieved from /opt/airflow/dags/01_triaje_clean.py
[2026-10-01T11:09:49.421+0000] {logging_mixin.py:190} INFO - [2026-10-01T11:09:49.420+0000] {dag.py:3239} INFO - Sync 1 DAGs
[2026-10-01T11:09:49.436+0000] {logging_mixin.py:190} INFO - [2026-10-01T11:09:49.436+0000] {dag.py:4180} INFO - Setting next_dagrun for dag_triage_filter to None, run_after=None
[2026-10-01T11:09:49.460+0000] {processor.py:208} INFO - Processing /opt/airflow/dags/01_triaje_clean.py took 0.805 seconds
[2026-10-01T11:10:19.885+0000] {processor.py:186} INFO - Started process (PID=663) to work on /opt/airflow/dags/01_triaje_clean.py
[2026-10-01T11:10:19.887+0000] {processor.py:914} INFO - Processing file /opt/airflow/dags/01_triaje_clean.py for tasks to queue
[2026-10-01T11:10:19.890+0000] {logging_mixin.py:190} INFO - [2026-10-01T11:10:19.889+0000] {dagbag.py:588} INFO - Filling up the DagBag from /opt/airflow/dags/01_triaje_clean.py
[2026-10-01T11:10:20.585+0000] {processor.py:925} INFO - DAG(s) 'dag_triage_filter' retrieved from /opt/airflow/dags/01_triaje_clean.py
[2026-10-01T11:10:20.611+0000] {logging_mixin.py:190} INFO - [2026-10-01T11:10:20.611+0000] {dag.py:3239} INFO - Sync 1 DAGs
[2026-10-01T11:10:20.627+0000] {logging_mixin.py:190} INFO - [2026-10-01T11:10:20.626+0000] {dag.py:4180} INFO - Setting next_dagrun for dag_triage_filter to None, run_after=None
[2026-10-01T11:10:20.647+0000] {processor.py:208} INFO - Processing /opt/airflow/dags/01_triaje_clean.py took 0.771 seconds
[2026-10-01T11:10:51.084+0000] {processor.py:186} INFO - Started process (PID=680) to work on /opt/airflow/dags/01_triaje_clean.py
[2026-10-01T11:10:51.089+0000] {processor.py:914} INFO - Processing file /opt/airflow/dags/01_triaje_clean.py for tasks to queue
[2026-10-01T11:10:51.098+0000] {logging_mixin.py:190} INFO - [2026-10-01T11:10:51.098+0000] {dagbag.py:588} INFO - Filling up the DagBag from /opt/airflow/dags/01_triaje_clean.py
[2026-10-01T11:10:51.947+0000] {processor.py:925} INFO - DAG(s) 'dag_triage_filter' retrieved from /opt/airflow/dags/01_triaje_clean.py
[2026-10-01T11:10:51.984+0000] {logging_mixin.py:190} INFO - [2026-10-01T11:10:51.983+0000] {dag.py:3239} INFO - Sync 1 DAGs
[2026-10-01T11:10:52.003+0000] {logging_mixin.py:190} INFO - [2026-10-01T11:10:52.003+0000] {dag.py:4180} INFO - Setting next_dagrun for dag_triage_filter to None, run_after=None
[2026-10-01T11:10:52.024+0000] {processor.py:208} INFO - Processing /opt/airflow/dags/01_triaje_clean.py took 0.950 seconds
[2026-10-01T11:11:22.449+0000] {processor.py:186} INFO - Started process (PID=697) to work on /opt/airflow/dags/01_triaje_clean.py
[2026-10-01T11:11:22.453+0000] {processor.py:914} INFO - Processing file /opt/airflow/dags/01_triaje_clean.py for tasks to queue
[2026-10-01T11:11:22.457+0000] {logging_mixin.py:190} INFO - [2026-10-01T11:11:22.456+0000] {dagbag.py:588} INFO - Filling up the DagBag from /opt/airflow/dags/01_triaje_clean.py
[2026-10-01T11:11:23.190+0000] {processor.py:925} INFO - DAG(s) 'dag_triage_filter' retrieved from /opt/airflow/dags/01_triaje_clean.py
[2026-10-01T11:11:23.217+0000] {logging_mixin.py:190} INFO - [2026-10-01T11:11:23.217+0000] {dag.py:3239} INFO - Sync 1 DAGs
[2026-10-01T11:11:23.232+0000] {logging_mixin.py:190} INFO - [2026-10-01T11:11:23.231+0000] {dag.py:4180} INFO - Setting next_dagrun for dag_triage_filter to None, run_after=None
[2026-10-01T11:11:23.250+0000] {processor.py:208} INFO - Processing /opt/airflow/dags/01_triaje_clean.py took 0.810 seconds
[2026-10-01T11:11:53.704+0000] {processor.py:186} INFO - Started process (PID=714) to work on /opt/airflow/dags/01_triaje_clean.py
[2026-10-01T11:11:53.709+0000] {processor.py:914} INFO - Processing file /opt/airflow/dags/01_triaje_clean.py for tasks to queue
[2026-10-01T11:11:53.713+0000] {logging_mixin.py:190} INFO - [2026-10-01T11:11:53.713+0000] {dagbag.py:588} INFO - Filling up the DagBag from /opt/airflow/dags/01_triaje_clean.py
[2026-10-01T11:11:54.617+0000] {processor.py:925} INFO - DAG(s) 'dag_triage_filter' retrieved from /opt/airflow/dags/01_triaje_clean.py
[2026-10-01T11:11:54.646+0000] {logging_mixin.py:190} INFO - [2026-10-01T11:11:54.646+0000] {dag.py:3239} INFO - Sync 1 DAGs
[2026-10-01T11:11:54.661+0000] {logging_mixin.py:190} INFO - [2026-10-01T11:11:54.661+0000] {dag.py:4180} INFO - Setting next_dagrun for dag_triage_filter to None, run_after=None
[2026-10-01T11:11:54.685+0000] {processor.py:208} INFO - Processing /opt/airflow/dags/01_triaje_clean.py took 0.991 seconds
[2026-10-01T11:12:25.070+0000] {processor.py:186} INFO - Started process (PID=731) to work on /opt/airflow/dags/01_triaje_clean.py
[2026-10-01T11:12:25.081+0000] {processor.py:914} INFO - Processing file /opt/airflow/dags/01_triaje_clean.py for tasks to queue
[2026-10-01T11:12:25.085+0000] {logging_mixin.py:190} INFO - [2026-10-01T11:12:25.084+0000] {dagbag.py:588} INFO - Filling up the DagBag from /opt/airflow/dags/01_triaje_clean.py
[2026-10-01T11:12:25.788+0000] {processor.py:925} INFO - DAG(s) 'dag_triage_filter' retrieved from /opt/airflow/dags/01_triaje_clean.py
[2026-10-01T11:12:25.813+0000] {logging_mixin.py:190} INFO - [2026-10-01T11:12:25.813+0000] {dag.py:3239} INFO - Sync 1 DAGs
[2026-10-01T11:12:25.828+0000] {logging_mixin.py:190} INFO - [2026-10-01T11:12:25.828+0000] {dag.py:4180} INFO - Setting next_dagrun for dag_triage_filter to None, run_after=None
[2026-10-01T11:12:25.846+0000] {processor.py:208} INFO - Processing /opt/airflow/dags/01_triaje_clean.py took 0.782 seconds
[2026-10-01T11:12:56.280+0000] {processor.py:186} INFO - Started process (PID=748) to work on /opt/airflow/dags/01_triaje_clean.py
[2026-10-01T11:12:56.284+0000] {processor.py:914} INFO - Processing file /opt/airflow/dags/01_triaje_clean.py for tasks to queue
[2026-10-01T11:12:56.286+0000] {logging_mixin.py:190} INFO - [2026-10-01T11:12:56.286+0000] {dagbag.py:588} INFO - Filling up the DagBag from /opt/airflow/dags/01_triaje_clean.py
[2026-10-01T11:12:56.962+0000] {processor.py:925} INFO - DAG(s) 'dag_triage_filter' retrieved from /opt/airflow/dags/01_triaje_clean.py
[2026-10-01T11:12:56.989+0000] {logging_mixin.py:190} INFO - [2026-10-01T11:12:56.989+0000] {dag.py:3239} INFO - Sync 1 DAGs
[2026-10-01T11:12:57.010+0000] {logging_mixin.py:190} INFO - [2026-10-01T11:12:57.009+0000] {dag.py:4180} INFO - Setting next_dagrun for dag_triage_filter to None, run_after=None
[2026-10-01T11:12:57.032+0000] {processor.py:208} INFO - Processing /opt/airflow/dags/01_triaje_clean.py took 0.761 seconds
[2026-10-01T11:13:27.522+0000] {processor.py:186} INFO - Started process (PID=765) to work on /opt/airflow/dags/01_triaje_clean.py
[2026-10-01T11:13:27.528+0000] {processor.py:914} INFO - Processing file /opt/airflow/dags/01_triaje_clean.py for tasks to queue
[2026-10-01T11:13:27.533+0000] {logging_mixin.py:190} INFO - [2026-10-01T11:13:27.532+0000] {dagbag.py:588} INFO - Filling up the DagBag from /opt/airflow/dags/01_triaje_clean.py
[2026-10-01T11:13:28.277+0000] {processor.py:925} INFO - DAG(s) 'dag_triage_filter' retrieved from /opt/airflow/dags/01_triaje_clean.py
[2026-10-01T11:13:28.315+0000] {logging_mixin.py:190} INFO - [2026-10-01T11:13:28.315+0000] {dag.py:3239} INFO - Sync 1 DAGs
[2026-10-01T11:13:28.334+0000] {logging_mixin.py:190} INFO - [2026-10-01T11:13:28.334+0000] {dag.py:4180} INFO - Setting next_dagrun for dag_triage_filter to None, run_after=None
[2026-10-01T11:13:28.360+0000] {processor.py:208} INFO - Processing /opt/airflow/dags/01_triaje_clean.py took 0.851 seconds
